// Jest Snapshot v1, https://goo.gl/fbAQLP

exports[`is a properly formatted manifest object 1`] = `
Object {
  "browser": Object {
    "page": Object {
      "createRoutes": "./createRoutes",
      "injectors": Array [
        "../../appInjectors",
        "./injectors",
      ],
      "path": "/todo-answers*",
      "props": Object {
        "basePath": "/todo-answers",
      },
    },
  },
  "middleware": "./api/middleware",
  "name": "todos-answers",
}
`;
