// Jest Snapshot v1, https://goo.gl/fbAQLP

exports[`main - app sends 404 response for nonexistent route 1`] = `
Object {
  "error": "Resource not found",
}
`;
