// Jest Snapshot v1, https://goo.gl/fbAQLP

exports[`<HomeView /> renders 1`] = `
<div>
  <h1>
    Welcome to <%= displayName %>.
  </h1>
</div>
`;
