// Jest Snapshot v1, https://goo.gl/fbAQLP

exports[`ionLoader.load loads all ions in an ions directory 1`] = `
Array [
  Object {
    "config": Object {
      "browser": Object {
        "page": Object {
          "createRoutes": "./createRoutes",
          "injectors": Array [
            "../../appInjectors",
          ],
          "path": "/*",
        },
      },
      "name": "home",
    },
    "dir": "home",
    "name": "home",
  },
  Object {
    "config": Object {
      "browser": Object {
        "page": Object {
          "createRoutes": "./createRoutes",
          "injectors": Array [
            "../../appInjectors",
            "./injectors",
          ],
          "path": "/todos*",
          "props": Object {
            "basePath": "/todos",
          },
        },
      },
      "name": "todos",
    },
    "dir": "todos",
    "name": "todos",
  },
  Object {
    "config": Object {
      "browser": Object {
        "page": Object {
          "createRoutes": "./createRoutes",
          "injectors": Array [
            "../../appInjectors",
            "./injectors",
          ],
          "path": "/todo-answers*",
          "props": Object {
            "basePath": "/todo-answers",
          },
        },
      },
      "middleware": "./api/middleware",
      "name": "todos-answers",
    },
    "dir": "todos-answers",
    "name": "todos-answers",
  },
]
`;
