// Jest Snapshot v1, https://goo.gl/fbAQLP

exports[`homeIon Get / (HomeView) returns the page 1`] = `

<!DOCTYPE html>
<html lang="en">
  <head>
    <title data-rh="true">
      Home - Thunderball Hello World
    </title>
    <link data-rh="true"
          rel="shortcut icon"
          type="image/png"
          href="/assets/fb8bTEST-CHECKSUMe246c3363bfcc4f601.png"
    >
    <link data-rh="true"
          rel="stylesheet"
          href="//fonts.googleapis.com/css?family=Roboto:300,300italic,700,700italic"
    >
    <link data-rh="true"
          rel="stylesheet"
          href="//cdn.rawgit.com/necolas/TEST-HASH.css/master/TEST-HASH.css"
    >
    <link data-rh="true"
          rel="stylesheet"
          href="//cdn.rawgit.com/milligram/milligram/master/dist/milligram.min.css"
    >
    <link href="/assets/commons-TEST-HASH.css"
          rel="stylesheet"
          key="0"
    >
    <link href="/assets/home-TEST-HASH.css"
          rel="stylesheet"
          key="1"
    >
  </head>
  <body>
    <script type="text/javascript">
      window.__INITIAL_STATE__ = {"config":{"appVersion":"TEST-VERSION","appName":"thunderball-hello-world"},"device":{"host":"http:\\u002F\\u002Flocalhost:8000"},"routing":{"locationBeforeTransitions":{"pathname":"\\u002F","search":"","hash":"","action":"POP","key":null,"query":{}}}};
    </script>
    <div id="app">
      <div data-reactroot>
        <div class="container">
          <div class="row">
            <div class="column">
              <div>
                <div>
                  <h1>
                    Welcome to Thunderball Hello World
                  </h1>
                  <p>
                    This is an example of what you can do with Thunderball to help you get started.
                  </p>
                  <h2>
                    Other Thunderball Ions in this app
                  </h2>
                  <p>
                    You can add separate React apps as Thunderball ions
                  </p>
                  <ul>
                    <li>
                      <a href="/todos">
                        TODO App
                      </a>
                    </li>
                  </ul>
                </div>
              </div>
            </div>
          </div>
        </div>
      </div>
    </div>
    <script type="text/javascript"
            src="https://cdn.polyfill.io/v2/polyfill.min.js?features=Intl.~locale.en"
    >
    </script>
    <script type="text/javascript"
            src="/assets/commons-TEST-HASH.js"
    >
    </script>
    <script type="text/javascript"
            src="/assets/home-TEST-HASH.js"
    >
    </script>
  </body>
</html>

`;
