// Jest Snapshot v1, https://goo.gl/fbAQLP

exports[`TodoList renders without crashing 1`] = `
<div>
  <p>
    No TODOs
  </p>
</div>
`;

exports[`TodoList with todos renders a list of todos 1`] = `
<div>
  <Todo
    completed={false}
    id={0}
    key="0"
    onClick={[Function]}
    text="Test AddTodo"
  />
</div>
`;
