// Jest Snapshot v1, https://goo.gl/fbAQLP

exports[`App renders without crashing 1`] = `
<div>
  <h1>
    <FormattedMessage
      defaultMessage="Todos"
      description="app title"
      id="app.title"
      values={Object {}}
    />
  </h1>
  <Connect(AddTodo) />
  <Connect(TodoList) />
  <Footer />
  <hr />
  <Link
    onlyActiveOnIndex={false}
    style={Object {}}
    to="/todo-answers/unfiltered"
  >
    Unfiltered Todos
  </Link>
</div>
`;
