// Jest Snapshot v1, https://goo.gl/fbAQLP

exports[`App renders without crashing 1`] = `
<div>
  <h1>
    <FormattedMessage
      defaultMessage="TODO"
      description="app title"
      id="app.title"
      values={Object {}}
    />
  </h1>
  <Connect(AddTodo) />
  <Connect(TodoList) />
  <Footer />
  <hr />
  <a
    href="/"
  >
    Home
  </a>
   
  &gt; Todos
</div>
`;
